
> starter_helpi@0.1.0 test
> react-scripts test --coverage

FAIL src/App.test.tsx
  ✕ renders learn react link (31 ms)

  ● renders learn react link

    TestingLibraryElementError: Unable to find an element with the text: /learn react/i. This could be because the text is broken up by multiple elements. In this case, you can provide a function for your text matcher to make your matcher more flexible.

    Ignored nodes: comments, script, style
    [36m<body>[39m
      [36m<div>[39m
        [36m<h1[39m
          [33mclass[39m=[32m"intro"[39m
        [36m>[39m
          [0m Loading...[0m
        [36m</h1>[39m
        [36m<div[39m
          [33mclass[39m=[32m"box"[39m
        [36m>[39m
          [36m<div[39m
            [33mclass[39m=[32m"cat"[39m
          [36m>[39m
            [36m<div[39m
              [33mclass[39m=[32m"cat__body"[39m
            [36m/>[39m
            [36m<div[39m
              [33mclass[39m=[32m"cat__body"[39m
            [36m/>[39m
            [36m<div[39m
              [33mclass[39m=[32m"cat__tail"[39m
            [36m/>[39m
            [36m<div[39m
              [33mclass[39m=[32m"cat__head"[39m
            [36m/>[39m
          [36m</div>[39m
        [36m</div>[39m
        [36m<blockquote[39m
          [33mclass[39m=[32m"info"[39m
        [36m/>[39m
      [36m</div>[39m
    [36m</body>[39m

       5 | test('renders learn react link', () => {
       6 |   render(<App />);
    >  7 |   const linkElement = screen.getByText(/learn react/i);
         |                              ^
       8 |   expect(linkElement).toBeInTheDocument();
       9 | });
      10 |

      at Object.getElementError (node_modules/@testing-library/react/node_modules/@testing-library/dom/dist/config.js:37:19)
      at node_modules/@testing-library/react/node_modules/@testing-library/dom/dist/query-helpers.js:76:38
      at node_modules/@testing-library/react/node_modules/@testing-library/dom/dist/query-helpers.js:52:17
      at getByText (node_modules/@testing-library/react/node_modules/@testing-library/dom/dist/query-helpers.js:95:19)
      at Object.<anonymous> (src/App.test.tsx:7:30)
      at TestScheduler.scheduleTests (node_modules/@jest/core/build/TestScheduler.js:333:13)
      at runJest (node_modules/@jest/core/build/runJest.js:404:19)
      at _run10000 (node_modules/@jest/core/build/cli/index.js:320:7)
      at runCLI (node_modules/@jest/core/build/cli/index.js:173:3)

-----------------------|---------|----------|---------|---------|-------------------
File                   | % Stmts | % Branch | % Funcs | % Lines | Uncovered Line #s 
-----------------------|---------|----------|---------|---------|-------------------
All files              |    5.99 |     1.88 |    5.66 |     6.1 |                   
 AboutMe.tsx           |       0 |      100 |       0 |       0 | 10-11             
 App.tsx               |   66.66 |       50 |      40 |   71.42 | 25-31,38          
 ButtonLink.tsx        |       0 |      100 |       0 |       0 | 11-16             
 ClearButton.tsx       |       0 |      100 |       0 |       0 | 4-15              
 DetailedQuestions.tsx |       0 |        0 |       0 |       0 | 20-386            
 Loading.tsx           |     100 |      100 |     100 |     100 |                   
 ProgressBar.tsx       |    3.22 |        0 |       0 |    3.22 | 18-60             
 basicQuestion.tsx     |       0 |        0 |       0 |       0 | 12-172            
 basicresult.tsx       |       0 |        0 |       0 |       0 | 8-22              
 footer.tsx            |       0 |        0 |       0 |       0 | 8-28              
 homepage.tsx          |       0 |      100 |       0 |       0 | 7-8               
 index.tsx             |       0 |      100 |     100 |       0 | 16-44             
 loadingRedirect.tsx   |       0 |        0 |       0 |       0 | 4-14              
 navbar.tsx            |       0 |      100 |       0 |       0 | 10                
 reportWebVitals.ts    |       0 |        0 |       0 |       0 | 3-10              
 result.tsx            |       0 |        0 |       0 |       0 | 5-25              
-----------------------|---------|----------|---------|---------|-------------------
Test Suites: 1 failed, 1 total
Tests:       1 failed, 1 total
Snapshots:   0 total
Time:        3.185 s
Ran all test suites.
